// Jest Snapshot v1, https://goo.gl/fbAQLP

exports[`Testsuit de gifExpert Debe hacer match con el snapshot 1`] = `
<div>
  <form
    aria-label="form"
  >
    <input
      placeholder="Buscar Gifs"
      type="text"
      value=""
    />
  </form>
  <h3>
    One Punch
  </h3>
  <h2>
    Cargando...
  </h2>
  <div
    class="card-grid"
  />
</div>
`;
