// Jest Snapshot v1, https://goo.gl/fbAQLP

exports[`Suit de pruebas para la aplicaciond de gifs El gifItem debe hacer match con el snapshot 1`] = `
<div>
  <div
    class="card"
  >
    <img
      alt="Un titulo"
      src="unauurl"
    />
    <p
      name="parra"
    >
      Un titulo
    </p>
  </div>
</div>
`;
